// Jest Snapshot v1, https://goo.gl/fbAQLP

exports[`<Card /> renders the <Card /> and toggles the Card Feature 1`] = `
<div
  class="card__Group-s87lnr-2 jzUtek"
>
  <div
    class="card__Container-s87lnr-1 gHwFSP"
  >
    <p
      class="card__Title-s87lnr-0 kUjNdn"
    >
      Documentaries
    </p>
    <div
      class="card__Entities-s87lnr-8 eZDjWx"
    >
      <div
        class="card__Item-s87lnr-6 iHdDFA"
        data-testid="tiger-king-item-feature"
      >
        <img
          class="card__Image-s87lnr-7 emlVnG"
          src="/images/series/documentaries/tiger-king/small.jpg"
        />
        <div
          class="card__Meta-s87lnr-5 fuIvaz"
        >
          <p
            class="card__Subtitle-s87lnr-3 dMzBjX"
          >
            Tiger King
          </p>
          <p
            class="card__Text-s87lnr-4 imJwNe"
          >
            Tiger King description
          </p>
        </div>
      </div>
    </div>
  </div>
  <div
    class="card__Container-s87lnr-1 gHwFSP"
  >
    <p
      class="card__Title-s87lnr-0 kUjNdn"
    >
      Feel Good
    </p>
    <div
      class="card__Entities-s87lnr-8 eZDjWx"
    >
      <div
        class="card__Item-s87lnr-6 iHdDFA"
        data-testid="juno-item-feature"
      >
        <img
          class="card__Image-s87lnr-7 emlVnG"
          src="/images/series/feel-good/juno/small.jpg"
        />
        <div
          class="card__Meta-s87lnr-5 fuIvaz"
        >
          <p
            class="card__Subtitle-s87lnr-3 dMzBjX"
          >
            Juno
          </p>
          <p
            class="card__Text-s87lnr-4 imJwNe"
          >
            Juno description
          </p>
        </div>
      </div>
    </div>
  </div>
</div>
`;

exports[`<Card /> renders the <Card /> with populated data 1`] = `
<div
  class="card__Group-s87lnr-2 jzUtek"
>
  <div
    class="card__Container-s87lnr-1 gHwFSP"
  >
    <p
      class="card__Title-s87lnr-0 kUjNdn"
    >
      Documentaries
    </p>
    <div
      class="card__Entities-s87lnr-8 eZDjWx"
    >
      <div
        class="card__Item-s87lnr-6 iHdDFA"
        data-testid="tiger-king-item-feature"
      >
        <img
          class="card__Image-s87lnr-7 emlVnG"
          src="/images/series/documentaries/tiger-king/small.jpg"
        />
        <div
          class="card__Meta-s87lnr-5 fuIvaz"
        >
          <p
            class="card__Subtitle-s87lnr-3 dMzBjX"
          >
            Tiger King
          </p>
          <p
            class="card__Text-s87lnr-4 imJwNe"
          >
            Tiger King description
          </p>
        </div>
      </div>
    </div>
  </div>
  <div
    class="card__Container-s87lnr-1 gHwFSP"
  >
    <p
      class="card__Title-s87lnr-0 kUjNdn"
    >
      Feel Good
    </p>
    <div
      class="card__Entities-s87lnr-8 eZDjWx"
    >
      <div
        class="card__Item-s87lnr-6 iHdDFA"
        data-testid="juno-item-feature"
      >
        <img
          class="card__Image-s87lnr-7 emlVnG"
          src="/images/series/feel-good/juno/small.jpg"
        />
        <div
          class="card__Meta-s87lnr-5 fuIvaz"
        >
          <p
            class="card__Subtitle-s87lnr-3 dMzBjX"
          >
            Juno
          </p>
          <p
            class="card__Text-s87lnr-4 imJwNe"
          >
            Juno description
          </p>
        </div>
      </div>
    </div>
  </div>
</div>
`;
