// Jest Snapshot v1, https://goo.gl/fbAQLP

exports[`<Form /> renders the <Form /> with an error 1`] = `
<div
  class="form__Container-sc-7952rh-0 eRNium"
>
  <div
    class="form__Error-sc-7952rh-2 iTLvDK"
  >
    Your email address is already being used
  </div>
  <button
    class="form__Submit-sc-7952rh-8 iWIiCh"
    type="submit"
  >
    Sign In
  </button>
</div>
`;

exports[`<Form /> renders the <Form /> with the populated data 1`] = `
<div
  class="form__Container-sc-7952rh-0 eRNium"
>
  <h1
    class="form__Title-sc-7952rh-3 jAOBPc"
  >
    Sign In Now
  </h1>
  <form
    class="form__Base-sc-7952rh-1 cCtCio"
  >
    <input
      class="form__Input-sc-7952rh-7 hSBUqI"
      placeholder="Email address"
      type="email"
    />
    <input
      class="form__Input-sc-7952rh-7 hSBUqI"
      placeholder="Password"
      type="password"
    />
    <button
      class="form__Submit-sc-7952rh-8 iWIiCh"
      disabled=""
      type="submit"
    >
      Sign In
    </button>
  </form>
  <div
    class="form__Text-sc-7952rh-5 HWrKw"
  >
    New to Netflix?
     
  </div>
  <p
    class="form__TextSmall-sc-7952rh-4 ihIkzY"
  >
    This page is protected by Google reCAPTCHA to ensure you're not a bot.
  </p>
</div>
`;
